16:06:40 **** Incremental Build of configuration Debug for project U5_HelloWorld ****
make -j8 all 
arm-none-eabi-gcc "../Core/Src/main.c" -mcpu=cortex-m33 -std=gnu11 -g3 -DDEBUG -DUSE_HAL_DRIVER -DSTM32U545xx -c -I../Core/Inc -I../Drivers/STM32U5xx_HAL_Driver/Inc -I../Drivers/STM32U5xx_HAL_Driver/Inc/Legacy -I../Drivers/CMSIS/Device/ST/STM32U5xx/Include -I../Drivers/CMSIS/Include -O0 -ffunction-sections -fdata-sections -Wall -fstack-usage -fcyclomatic-complexity -MMD -MP -MF"Core/Src/main.d" -MT"Core/Src/main.o" --specs=nano.specs -mfpu=fpv5-sp-d16 -mfloat-abi=hard -mthumb -o "Core/Src/main.o"
arm-none-eabi-gcc -o "U5_HelloWorld.elf" @"objects.list"   -mcpu=cortex-m33 -T"D:\Code\STM32\U5_HelloWorld\STM32U545RETXQ_FLASH.ld" --specs=nosys.specs -Wl,-Map="U5_HelloWorld.map" -Wl,--gc-sections -static --specs=nano.specs -mfpu=fpv5-sp-d16 -mfloat-abi=hard -mthumb -Wl,--start-group -lc -lm -Wl,--end-group
Finished building target: U5_HelloWorld.elf
 
arm-none-eabi-size  U5_HelloWorld.elf 
arm-none-eabi-objdump -h -S U5_HelloWorld.elf  > "U5_HelloWorld.list"
   text	   data	    bss	    dec	    hex	filename
   9492	      9	   1572	  11073	   2b41	U5_HelloWorld.elf
Finished building: default.size.stdout
 
Finished building: U5_HelloWorld.list
 

16:06:42 Build Finished. 0 errors, 0 warnings. (took 2s.170ms)

